
> template-foundation@0.1.0 dev
> next dev --turbopack --hostname 0.0.0.0 --port 4173

▲ Next.js 16.3.4 (Turbopack)
- Local:         http://localhost:4173
- Network:       http://0.0.0.0:4173
✓ Ready in 251ms
✓ Running next.config.ts took 19ms

 GET /events/1 200 in 523ms (next.js: 399ms, application-code: 125ms)
 GET /api/events/1/seats 200 in 692ms (next.js: 608ms, application-code: 84ms)
 GET / 200 in 61ms (next.js: 9ms, application-code: 52ms)
 GET /api/events 200 in 67ms (next.js: 57ms, application-code: 10ms)
 GET /api/auth 200 in 70ms (next.js: 23ms, application-code: 47ms)
 GET /api/events 200 in 8ms (next.js: 3ms, application-code: 5ms)
 GET /api/auth 200 in 13ms (next.js: 8ms, application-code: 5ms)
 GET / 200 in 27ms (next.js: 2.0ms, application-code: 25ms)
 GET /api/events 200 in 11ms (next.js: 5ms, application-code: 6ms)
 GET /api/auth 200 in 14ms (next.js: 2ms, application-code: 11ms)
 GET /api/events 200 in 5ms (next.js: 1.5ms, application-code: 4ms)
 GET /api/auth 200 in 6ms (next.js: 1.0ms, application-code: 5ms)
 GET /events/3 200 in 29ms (next.js: 13ms, application-code: 15ms)
 GET /api/events 200 in 5ms (next.js: 1.2ms, application-code: 4ms)
 GET /api/auth 200 in 11ms (next.js: 1.8ms, application-code: 9ms)
 GET /api/events 200 in 12ms (next.js: 8ms, application-code: 4ms)
 GET /api/auth 200 in 17ms (next.js: 6ms, application-code: 11ms)
 GET /checkout?event=3&ticket=6&qty=1 200 in 21ms (next.js: 9ms, application-code: 11ms)
 GET /api/events 200 in 5ms (next.js: 1.1ms, application-code: 3ms)
 GET /api/auth 200 in 10ms (next.js: 1.7ms, application-code: 8ms)
 GET /api/events 200 in 7ms (next.js: 4ms, application-code: 3ms)
 GET /api/auth 200 in 11ms (next.js: 2.0ms, application-code: 9ms)
 GET /api/events 200 in 8ms (next.js: 4ms, application-code: 4ms)
 GET /api/auth 200 in 11ms (next.js: 2ms, application-code: 9ms)
 GET /api/events 200 in 8ms (next.js: 4ms, application-code: 4ms)
 GET /api/auth 200 in 10ms (next.js: 1.6ms, application-code: 8ms)
 GET /api/auth 200 in 6ms (next.js: 1.8ms, application-code: 4ms)
 GET /api/events 200 in 6ms (next.js: 3ms, application-code: 3ms)
 GET /api/events 200 in 7ms (next.js: 3ms, application-code: 3ms)
 GET /api/auth 200 in 8ms (next.js: 1.6ms, application-code: 7ms)
 GET /events/1 200 in 27ms (next.js: 13ms, application-code: 14ms)
 GET /api/events 200 in 9ms (next.js: 3ms, application-code: 6ms)
 GET /api/auth 200 in 11ms (next.js: 1.5ms, application-code: 10ms)
 GET /api/events 200 in 7ms (next.js: 1.6ms, application-code: 5ms)
 GET /api/auth 200 in 11ms (next.js: 8ms, application-code: 3ms)
 GET /explore 200 in 22ms (next.js: 9ms, application-code: 13ms)
 GET /api/events?q=&category=&sort=date 200 in 5ms (next.js: 1.2ms, application-code: 4ms)
 GET /api/auth 200 in 11ms (next.js: 2ms, application-code: 9ms)
 GET /api/events?q=&category=&sort=date 200 in 6ms (next.js: 1.9ms, application-code: 4ms)
 GET /api/auth 200 in 11ms (next.js: 6ms, application-code: 4ms)
 GET /events/4 200 in 31ms (next.js: 14ms, application-code: 18ms)
 GET /api/events 200 in 9ms (next.js: 4ms, application-code: 5ms)
 GET /api/auth 200 in 12ms (next.js: 3ms, application-code: 8ms)
 GET /api/events 200 in 8ms (next.js: 3ms, application-code: 5ms)
 GET /api/auth 200 in 10ms (next.js: 1.7ms, application-code: 9ms)
 GET /checkout?event=4&ticket=7&qty=1 200 in 15ms (next.js: 2ms, application-code: 13ms)
 GET /api/auth 200 in 6ms (next.js: 1.6ms, application-code: 4ms)
 GET /api/events 200 in 10ms (next.js: 7ms, application-code: 3ms)
 GET /api/auth 200 in 6ms (next.js: 1.4ms, application-code: 5ms)
 GET /api/events 200 in 5ms (next.js: 1.1ms, application-code: 4ms)
 GET /api/auth 200 in 5ms (next.js: 1.9ms, application-code: 3ms)
 GET /api/events 200 in 9ms (next.js: 6ms, application-code: 3ms)
 GET /api/events 200 in 8ms (next.js: 4ms, application-code: 4ms)
 GET /api/auth 200 in 12ms (next.js: 1.9ms, application-code: 10ms)
 GET /api/events?q=&category=&sort=date 200 in 7ms (next.js: 4ms, application-code: 4ms)
 GET /api/auth 200 in 10ms (next.js: 2.0ms, application-code: 8ms)
 GET /api/events?q=&category=&sort=date 200 in 9ms (next.js: 4ms, application-code: 5ms)
 GET /api/auth 200 in 11ms (next.js: 2.0ms, application-code: 9ms)
 GET /events/2 200 in 30ms (next.js: 13ms, application-code: 17ms)
 GET /api/auth 200 in 6ms (next.js: 2ms, application-code: 4ms)
 GET /api/events 200 in 6ms (next.js: 3ms, application-code: 3ms)
 GET /api/auth 200 in 5ms (next.js: 1.5ms, application-code: 3ms)
 GET /api/events 200 in 4ms (next.js: 1.1ms, application-code: 3ms)
 GET /api/events?q=&category=&sort=date 200 in 7ms (next.js: 2ms, application-code: 5ms)
 GET /api/auth 200 in 11ms (next.js: 8ms, application-code: 4ms)
 GET /api/events?q=&category=&sort=date 200 in 7ms (next.js: 1.8ms, application-code: 5ms)
 GET /api/auth 200 in 6ms (next.js: 1.5ms, application-code: 4ms)
 GET /events/5 200 in 26ms (next.js: 14ms, application-code: 12ms)
 GET /api/auth 200 in 6ms (next.js: 1.8ms, application-code: 4ms)
 GET /api/events 200 in 6ms (next.js: 1.1ms, application-code: 5ms)
 GET /api/auth 200 in 6ms (next.js: 1.6ms, application-code: 4ms)
 GET /api/events 200 in 5ms (next.js: 1.2ms, application-code: 4ms)
 GET /api/events?q=&category=&sort=date 200 in 9ms (next.js: 4ms, application-code: 5ms)
 GET /api/auth 200 in 13ms (next.js: 1.7ms, application-code: 11ms)
 GET /api/events?q=&category=&sort=date 200 in 6ms (next.js: 2ms, application-code: 4ms)
 GET /api/auth 200 in 4ms (next.js: 1.0ms, application-code: 3ms)
